<html>
<body>
<pre>
<h1>µVision Build Log</h1>
<h2>Tool Versions:</h2>
IDE-Version: µVision V5.36.0.0
Copyright (C) 2021 ARM Ltd and ARM Germany GmbH. All rights reserved.
License Information:  ,  , LIC=----
 
Tool Versions:
Toolchain:       MDK-Lite  Version: 5.36.0.0
Toolchain Path:  C:\Keil_v5\ARM\ARMCLANG\Bin
C Compiler:      ArmClang.exe V6.16
Assembler:       Armasm.exe V6.16
Linker/Locator:  ArmLink.exe V6.16
Library Manager: ArmAr.exe V6.16
Hex Converter:   FromElf.exe V6.16
CPU DLL:         SARMCM3.DLL V5.36.0.0
Dialog DLL:      DCM.DLL V1.17.3.0
Target DLL:      lmidk-agdi.dll V???
Dialog DLL:      TCM.DLL V1.53.0.0
 
<h2>Project:</h2>
D:\study\COURSES\Egypt FWD\FWD project1\LED control.uvprojx
Project File Date:  11/22/2022

<h2>Output:</h2>
*** Using Compiler 'V6.16', folder: 'C:\Keil_v5\ARM\ARMCLANG\Bin'
Build target 'Target 1'
Project_Files/MCAL/DIO/GPIO.c(85): warning: implicit conversion changes signedness: 'int' to 'unsigned long' [-Wsign-conversion]
        CLR_BIT(SYSCTL_RCGC2_R,DIO_PIN0);
        ^~~~~~~~~~~~~~~~~~~~~~~~~~~~~~~~
./Project_Files/MCAL/DIO/DIO_PRIVET.h(15): note: expanded from macro 'CLR_BIT'
#define CLR_BIT(REG, BIT) REG &=~(1<<BIT)
                              ~~^~~~~~~~~
Project_Files/MCAL/DIO/GPIO.c(88): warning: implicit conversion changes signedness: 'int' to 'unsigned long' [-Wsign-conversion]
        CLR_BIT(SYSCTL_RCGC2_R,1);
        ^~~~~~~~~~~~~~~~~~~~~~~~~
./Project_Files/MCAL/DIO/DIO_PRIVET.h(15): note: expanded from macro 'CLR_BIT'
#define CLR_BIT(REG, BIT) REG &=~(1<<BIT)
                              ~~^~~~~~~~~
Project_Files/MCAL/DIO/GPIO.c(91): warning: implicit conversion changes signedness: 'int' to 'unsigned long' [-Wsign-conversion]
        CLR_BIT(SYSCTL_RCGC2_R,2);
        ^~~~~~~~~~~~~~~~~~~~~~~~~
./Project_Files/MCAL/DIO/DIO_PRIVET.h(15): note: expanded from macro 'CLR_BIT'
#define CLR_BIT(REG, BIT) REG &=~(1<<BIT)
                              ~~^~~~~~~~~
Project_Files/MCAL/DIO/GPIO.c(94): warning: implicit conversion changes signedness: 'int' to 'unsigned long' [-Wsign-conversion]
        CLR_BIT(SYSCTL_RCGC2_R,3);
        ^~~~~~~~~~~~~~~~~~~~~~~~~
./Project_Files/MCAL/DIO/DIO_PRIVET.h(15): note: expanded from macro 'CLR_BIT'
#define CLR_BIT(REG, BIT) REG &=~(1<<BIT)
                              ~~^~~~~~~~~
Project_Files/MCAL/DIO/GPIO.c(97): warning: implicit conversion changes signedness: 'int' to 'unsigned long' [-Wsign-conversion]
        CLR_BIT(SYSCTL_RCGC2_R,4);
        ^~~~~~~~~~~~~~~~~~~~~~~~~
./Project_Files/MCAL/DIO/DIO_PRIVET.h(15): note: expanded from macro 'CLR_BIT'
#define CLR_BIT(REG, BIT) REG &=~(1<<BIT)
                              ~~^~~~~~~~~
Project_Files/MCAL/DIO/GPIO.c(100): warning: implicit conversion changes signedness: 'int' to 'unsigned long' [-Wsign-conversion]
        CLR_BIT(SYSCTL_RCGC2_R,5);
        ^~~~~~~~~~~~~~~~~~~~~~~~~
./Project_Files/MCAL/DIO/DIO_PRIVET.h(15): note: expanded from macro 'CLR_BIT'
#define CLR_BIT(REG, BIT) REG &=~(1<<BIT)
                              ~~^~~~~~~~~
6 warnings generated.
compiling GPIO.c...
linking...
Program Size: Code=1520 RO-data=636 RW-data=0 ZI-data=616  
".\Objects\LED control.axf" - 0 Error(s), 6 Warning(s).

<h2>Software Packages used:</h2>

Package Vendor: ARM
                http://www.keil.com/pack/ARM.CMSIS.5.9.0.pack
                ARM.CMSIS.5.9.0
                CMSIS (Common Microcontroller Software Interface Standard)
   * Component: CORE Version: 5.6.0

Package Vendor: Keil
                http://www.keil.com/pack/Keil.TM4C_DFP.1.1.0.pack
                Keil.TM4C_DFP.1.1.0
                Texas Instruments Tiva C Series Device Support and Examples
   * Component: Startup Version: 1.0.1

<h2>Collection of Component include folders:</h2>
  .\RTE\_Target_1
  C:\Users\moham\AppData\Local\Arm\Packs\ARM\CMSIS\5.9.0\CMSIS\Core\Include
  C:\Users\moham\AppData\Local\Arm\Packs\Keil\TM4C_DFP\1.1.0\Device\Include\TM4C123

<h2>Collection of Component Files used:</h2>

   * Component: ARM::CMSIS:CORE:5.6.0

   * Component: Keil::Device:Startup:1.0.1
      Source file:   Device\Source\system_TM4C123.c
      Include file:  Device\Include\TM4C123\TM4C123.h
      Source file:   Device\Source\ARM\startup_TM4C123.s
Build Time Elapsed:  00:00:01
</pre>
</body>
</html>
